// Jest Snapshot v1, https://goo.gl/fbAQLP

exports[`Tests main page Snapshot main page 1`] = `
{
  "asFragment": [Function],
  "baseElement": <body>
    <div>
      <section
        class="sc-bcXHqe kDbEkw"
      >
        <div
          class="sc-gswNZR fqyyjS"
          data-testid="form"
        >
          <h1
            class="sc-dkrFOg jYkYWt"
          >
            Welcome
          </h1>
          <p
            class="sc-hLBbgP cKNpgn"
          >
            <button
              class="sc-eDvSVe dHTmBL"
              type="button"
            >
              login
            </button>
            <button
              class="sc-eDvSVe dHTmBL"
              type="button"
            >
              guest
            </button>
          </p>
        </div>
      </section>
    </div>
  </body>,
  "container": <div>
    <section
      class="sc-bcXHqe kDbEkw"
    >
      <div
        class="sc-gswNZR fqyyjS"
        data-testid="form"
      >
        <h1
          class="sc-dkrFOg jYkYWt"
        >
          Welcome
        </h1>
        <p
          class="sc-hLBbgP cKNpgn"
        >
          <button
            class="sc-eDvSVe dHTmBL"
            type="button"
          >
            login
          </button>
          <button
            class="sc-eDvSVe dHTmBL"
            type="button"
          >
            guest
          </button>
        </p>
      </div>
    </section>
  </div>,
  "debug": [Function],
  "findAllByAltText": [Function],
  "findAllByDisplayValue": [Function],
  "findAllByLabelText": [Function],
  "findAllByPlaceholderText": [Function],
  "findAllByRole": [Function],
  "findAllByTestId": [Function],
  "findAllByText": [Function],
  "findAllByTitle": [Function],
  "findByAltText": [Function],
  "findByDisplayValue": [Function],
  "findByLabelText": [Function],
  "findByPlaceholderText": [Function],
  "findByRole": [Function],
  "findByTestId": [Function],
  "findByText": [Function],
  "findByTitle": [Function],
  "getAllByAltText": [Function],
  "getAllByDisplayValue": [Function],
  "getAllByLabelText": [Function],
  "getAllByPlaceholderText": [Function],
  "getAllByRole": [Function],
  "getAllByTestId": [Function],
  "getAllByText": [Function],
  "getAllByTitle": [Function],
  "getByAltText": [Function],
  "getByDisplayValue": [Function],
  "getByLabelText": [Function],
  "getByPlaceholderText": [Function],
  "getByRole": [Function],
  "getByTestId": [Function],
  "getByText": [Function],
  "getByTitle": [Function],
  "queryAllByAltText": [Function],
  "queryAllByDisplayValue": [Function],
  "queryAllByLabelText": [Function],
  "queryAllByPlaceholderText": [Function],
  "queryAllByRole": [Function],
  "queryAllByTestId": [Function],
  "queryAllByText": [Function],
  "queryAllByTitle": [Function],
  "queryByAltText": [Function],
  "queryByDisplayValue": [Function],
  "queryByLabelText": [Function],
  "queryByPlaceholderText": [Function],
  "queryByRole": [Function],
  "queryByTestId": [Function],
  "queryByText": [Function],
  "queryByTitle": [Function],
  "rerender": [Function],
  "unmount": [Function],
}
`;
